<html>
<body>
<pre>
<h1>µVision Build Log</h1>
<h2>Tool Versions:</h2>
IDE-Version: ¦ÌVision V5.39.0.0
Copyright (C) 2023 ARM Ltd and ARM Germany GmbH. All rights reserved.
License Information: Vincent Wang, HUST, LIC=PE7DL-0DT3T-RA5DM-X9M7L-IZFP9-TVWG9
 
Tool Versions:
Toolchain:       MDK-ARM Plus  Version: 5.39.0.0
Toolchain Path:  D:\Application\Keil5\ARM\ARMCLANG\Bin
C Compiler:      ArmClang.exe V6.21
Assembler:       Armasm.exe V6.21
Linker/Locator:  ArmLink.exe V6.21
Library Manager: ArmAr.exe V6.21
Hex Converter:   FromElf.exe V6.21
CPU DLL:         SARMCM3.DLL V5.39.0.0
Dialog DLL:      DARMCM1.DLL V1.19.6.0
Target DLL:      Segger\JL2CM3.dll V2.99.43.0
Dialog DLL:      TARMCM1.DLL V1.14.6.0
 
<h2>Project:</h2>
D:\TI\mspm0_sdk_2_05_00_05\EDC_ti\Template\keil\empty_LP_MSPM0G3507_nortos_keil.uvprojx
Project File Date:  07/30/2025

<h2>Output:</h2>
*** Using Compiler 'V6.21', folder: 'D:\Application\Keil5\ARM\ARMCLANG\Bin'
Rebuild target 'empty_LP_MSPM0G3507_nortos_keil'
Before Build - User command #1: cmd.exe /C "D:\TI\mspm0_sdk_2_05_00_05\EDC_ti\Template\keil\../../../tools/keil/syscfg.bat 'D:\TI\mspm0_sdk_2_05_00_05\EDC_ti\Template\keil\' empty.syscfg"
Using Sysconfig Tool from "D:\TI\sysconfig_1.24.0\sysconfig_cli.bat"
"Update the file located at <sdk path>/tools/keil/syscfg.bat to use a different version"
Running script...
Validating...
info: Motor(/ti/driverlib/PWM): Peripheral does not retain register contents in STOP or STANDBY modes. User should take care to save and restore register configuration in application. See Retention Configuration section for more details.
info: SMotor(/ti/driverlib/PWM): Peripheral does not retain register contents in STOP or STANDBY modes. User should take care to save and restore register configuration in application. See Retention Configuration section for more details.
info: QEI_0(/ti/driverlib/QEI): Peripheral does not retain register contents in STOP or STANDBY modes. User should take care to save and restore register configuration in application. See Retention Configuration section for more details.
info: TIMER_0(/ti/driverlib/TIMER): Peripheral does not retain register contents in STOP or STANDBY modes. User should take care to save and restore register configuration in application. See Retention Configuration section for more details.
Generating Code (empty.syscfg)...
Unchanged D:\TI\mspm0_sdk_2_05_00_05\EDC_ti\Template\ti_msp_dl_config.c...
Unchanged D:\TI\mspm0_sdk_2_05_00_05\EDC_ti\Template\ti_msp_dl_config.h...
Unchanged D:\TI\mspm0_sdk_2_05_00_05\EDC_ti\Template\Event.dot...
assembling startup_mspm0g350x_uvision.s...
compiling pid.c...
compiling Rotation.c...
compiling tb6612fng.c...
compiling empty.c...
compiling Initialize.c...
compiling Delay.c...
compiling Init_SMotor.c...
compiling Hall_Encoder.c...
compiling kinematics.c...
compiling ti_msp_dl_config.c...
compiling tracking.c...
compiling SMotor.c...
compiling OLED.c...
compiling SensorProc.c...
linking...
Program Size: Code=5638 RO-data=2390 RW-data=28 ZI-data=1356  
FromELF: creating hex file...
".\Objects\empty_LP_MSPM0G3507_nortos_keil.axf" - 0 Error(s), 0 Warning(s).

<h2>Software Packages used:</h2>

Package Vendor: TexasInstruments
                https://software-dl.ti.com/msp430/esd/MSPM0-CMSIS/MSPM0G1X0X_G3X0X/latest/exports/TexasInstruments.MSPM0G1X0X_G3X0X_DFP.1.3.1.pack
                TexasInstruments::MSPM0G1X0X_G3X0X_DFP@1.3.1
                Device Family Pack for Texas Instruments MSPM0G1X0X_G3X0X Series

<h2>Collection of Component include folders:</h2>

<h2>Collection of Component Files used:</h2>
Build Time Elapsed:  00:00:04
</pre>
</body>
</html>
